
> portfolio@0.0.1 build
> astro check && astro build

13:11:23 [content] Syncing content
13:11:23 [content] Synced content
13:11:23 [types] Generated 60ms
13:11:23 [check] Getting diagnostics for Astro files in C:\Users\danie\Documents\GitHub\Web_Codemaker...
[96msrc/components/faqs.astro[0m:[93m40[0m:[93m23[0m - [93mwarning[0m[90m ts(6133): [0m'index' is declared but its value is never read.

[7m40[0m       {faqs.map((faq, index) => (
[7m  [0m [93m                      ~~~~~[0m

[96msrc/components/editors/ModelingStudioLite.tsx[0m:[93m348[0m:[93m23[0m - [93mwarning[0m[90m ts(6385): [0m'MutableRefObject' is deprecated.

[7m348[0m     objectRefs: React.MutableRefObject<{ [id: string]: THREE.Group | null }>,
[7m   [0m [93m                      ~~~~~~~~~~~~~~~~[0m
[96msrc/components/editors/ModelingStudioLite.tsx[0m:[93m347[0m:[93m20[0m - [93mwarning[0m[90m ts(6385): [0m'MutableRefObject' is deprecated.

[7m347[0m     dragRef: React.MutableRefObject<{ id: string | null, plane: THREE.Plane, offset: THREE.Vector3 }>,
[7m   [0m [93m                   ~~~~~~~~~~~~~~~~[0m
[96msrc/components/editors/ModelingStudioLite.tsx[0m:[93m131[0m:[93m7[0m - [93mwarning[0m[90m ts(6133): [0m'createMeshFromObject' is declared but its value is never read.

[7m131[0m const createMeshFromObject = (obj: ISceneObject): THREE.Mesh => {
[7m   [0m [93m      ~~~~~~~~~~~~~~~~~~~~[0m
[96msrc/components/editors/ModelingStudioLite.tsx[0m:[93m15[0m:[93m1[0m - [93mwarning[0m[90m ts(6133): [0m'BufferGeometryUtils' is declared but its value is never read.

[7m15[0m import * as BufferGeometryUtils from 'three/examples/jsm/utils/BufferGeometryUtils.js';
[7m  [0m [93m~~~~~~~~~~~~~~~~~~~~~~~~~~~~~~~~~~~~~~~~~~~~~~~~~~~~~~~~~~~~~~~~~~~~~~~~~~~~~~~~~~~~~~~[0m
[96msrc/components/editors/ModelingStudioLite.tsx[0m:[93m14[0m:[93m1[0m - [93mwarning[0m[90m ts(6192): [0mAll imports in import declaration are unused.

[7m14[0m import { SUBTRACTION, ADDITION, Brush, Evaluator } from 'three-bvh-csg';
[7m  [0m [93m~~~~~~~~~~~~~~~~~~~~~~~~~~~~~~~~~~~~~~~~~~~~~~~~~~~~~~~~~~~~~~~~~~~~~~~~[0m

[96msrc/lib/sculptgl/Brush.ts[0m:[93m105[0m:[93m27[0m - [93mwarning[0m[90m ts(6133): [0m'isOwner' is declared but its value is never read.

[7m105[0m                     const isOwner = distOwn <= distOther; // Main logic (roughly)
[7m   [0m [93m                          ~~~~~~~[0m
[96msrc/lib/sculptgl/Brush.ts[0m:[93m88[0m:[93m19[0m - [93mwarning[0m[90m ts(6133): [0m'filterData' is declared but its value is never read.

[7m88[0m             const filterData = (data: DragData, ownCenter: THREE.Vector3, otherCenter: THREE.Vector3) => {
[7m  [0m [93m                  ~~~~~~~~~~[0m

Result (36 files): 
- 0 errors
- 0 warnings
- 8 hints

13:11:33 [content] Syncing content
13:11:33 [content] Synced content
13:11:33 [types] Generated 62ms
13:11:33 [build] output: "static"
13:11:33 [build] mode: "static"
13:11:33 [build] directory: C:\Users\danie\Documents\GitHub\Web_Codemaker\dist\
13:11:33 [build] Collecting build info...
13:11:33 [build] Ô£ô Completed in 152ms.
13:11:33 [build] Building static entrypoints...
node.exe : Browserslist: browsers data (caniuse-lite) is 9 
months old. Please run:
En C:\Program Files\nodejs\npm.ps1: 29 Carácter: 3
+   & $NODE_EXE $NPM_CLI_JS $args
+   ~~~~~~~~~~~~~~~~~~~~~~~~~~~~~
    + CategoryInfo          : NotSpecified: (Browserslist: b...l 
   d. Please run::String) [], RemoteException
    + FullyQualifiedErrorId : NativeCommandError
 
  npx update-browserslist-db@latest
  Why you should do it regularly: 
https://github.com/browserslist/update-db#readme
13:11:35 [vite] [32mÔ£ô built in 1.84s[39m
13:11:35 [build] Ô£ô Completed in 1.88s.

 building client (vite) 
13:11:35 [vite] transforming...
13:11:40 [vite] [32mÔ£ô[39m 2303 modules transformed.
13:11:40 [vite] rendering chunks...
13:11:41 [vite] computing gzip size...
13:11:41 [vite] [2mdist/[22m[36m_astro/square.BUYHXIUM.js               [39m[1m[2m  1.02 kB[22m[1m[22m[2m Ôöé gzip:   0.42 kB[22m
13:11:41 [vite] [2mdist/[22m[36m_astro/v4.Dkiq9SSl.js                   [39m[1m[2m  2.12 kB[22m[1m[22m[2m Ôöé gzip:   0.97 kB[22m
13:11:41 [vite] [2mdist/[22m[36m_astro/index.SPyfQU6S.js                [39m[1m[2m  3.85 kB[22m[1m[22m[2m Ôöé gzip:   1.72 kB[22m
13:11:41 [vite] [2mdist/[22m[36m_astro/index.fSmatsIe.js                [39m[1m[2m  7.98 kB[22m[1m[22m[2m Ôöé gzip:   3.10 kB[22m
13:11:41 [vite] [2mdist/[22m[36m_astro/VoxelStudioLite.DORM6YLo.js      [39m[1m[2m 17.05 kB[22m[1m[22m[2m Ôöé gzip:   5.06 kB[22m
13:11:41 [vite] [2mdist/[22m[36m_astro/OrbitControls.DP2H0P2P.js        [39m[1m[2m 19.70 kB[22m[1m[22m[2m Ôöé gzip:   4.68 kB[22m
13:11:41 [vite] [2mdist/[22m[36m_astro/SculptingStudioLite.BLECi8SK.js  [39m[1m[2m 32.22 kB[22m[1m[22m[2m Ôöé gzip:   9.74 kB[22m
13:11:41 [vite] [2mdist/[22m[36m_astro/client.DxxNVBme.js               [39m[1m[2m182.63 kB[22m[1m[22m[2m Ôöé gzip:  57.15 kB[22m
13:11:41 [vite] [2mdist/[22m[36m_astro/ModelingStudioLite.DLY5-x36.js   [39m[1m[2m281.00 kB[22m[1m[22m[2m Ôöé gzip:  80.39 kB[22m
13:11:41 [vite] [2mdist/[22m[36m_astro/x.DtoF5h-G.js                    [39m[1m[33m728.92 kB[39m[22m[2m Ôöé gzip: 189.83 kB[22m
13:11:41 [WARN] [vite] [33m
(!) Some chunks are larger than 500 kB after minification. Consider:
- Using dynamic import() to code-split the application
- Use build.rollupOptions.output.manualChunks to improve chunking: https://rollupjs.org/configuration-options/#output-manualchunks
- Adjust chunk size limit for this warning via build.chunkSizeWarningLimit.[39m
13:11:41 [vite] [32mÔ£ô built in 6.14s[39m

 generating static routes 
13:11:41 ÔûÂ src/pages/404.astro
13:11:41   ÔööÔöÇ /404.html (+8ms) 
13:11:41 ÔûÂ src/pages/aviso-legal.astro
13:11:41   ÔööÔöÇ /aviso-legal/index.html (+761ms) 
13:11:42 ÔûÂ src/pages/centros.astro
13:11:42   ÔööÔöÇ /centros/index.html (+664ms) 
13:11:42 ÔûÂ src/pages/cursos/condicionesmatricula.astro
13:11:42   ÔööÔöÇ /cursos/condicionesmatricula/index.html (+1.27s) 
13:11:44 ÔûÂ src/pages/editors/modeling-studio.astro
13:11:44   ÔööÔöÇ /editors/modeling-studio/index.html (+11ms) 
13:11:44 ÔûÂ src/pages/editors/sculpting-studio.astro
13:11:44   ÔööÔöÇ /editors/sculpting-studio/index.html (+8ms) 
13:11:44 ÔûÂ src/pages/editors/voxel-studio.astro
13:11:44   ÔööÔöÇ /editors/voxel-studio/index.html (+4ms) 
13:11:44 ÔûÂ src/pages/login.astro
13:11:44   ÔööÔöÇ /login/index.html (+470ms) 
13:11:44 ÔûÂ src/pages/privacidad.astro
13:11:44   ÔööÔöÇ /privacidad/index.html (+712ms) 
13:11:45 ÔûÂ src/pages/[colegio].astro
13:11:46   Ôö£ÔöÇ /maristas/index.html (+545ms) 
13:11:46   Ôö£ÔöÇ /veracruz/index.html (+630ms) 
13:11:47   Ôö£ÔöÇ /vandelvira/index.html (+566ms) 
13:11:47   Ôö£ÔöÇ /divinomaestro/index.html (+716ms) 
13:11:48   Ôö£ÔöÇ /navasdetolosa/index.html (+616ms) 
13:11:49   Ôö£ÔöÇ /alcalavenceslada/index.html (+931ms) 
Cannot read properties of undefined (reading 'toUpperCase')
  Stack trace:
    at Object.default (file:///C:/Users/danie/Documents/GitHub/We
b_Codemaker/dist/pages/_colegio_.astro.mjs?time=1771416705479:90:
1074)
    at createAstroComponentInstance (file:///C:/Users/danie/Docum
ents/GitHub/Web_Codemaker/dist/chunks/astro/server_BMEGL0un.mjs:1
226:20)
    at renderComponent (file:///C:/Users/danie/Documents/GitHub/W
eb_Codemaker/dist/chunks/astro/server_BMEGL0un.mjs:1601:12)
    at [colegio] (file:///C:/Users/danie/Documents/GitHub/Web_Cod
emaker/dist/chunks/astro/server_BMEGL0un.mjs:138:12)
    at renderToString (file:///C:/Users/danie/Documents/GitHub/We
b_Codemaker/node_modules/astro/dist/runtime/server/render/astro/r
ender.js:9:32)
13:11:50   Ôö£ÔöÇ /santotomas/index.html
