node.exe : 2026-02-1
2T08:40:13.942Z 
astro:cli --verbose 
flag enabled! 
Enabling: DEBUG="ast
ro:*,vite:*"
En C:\Program Files\
nodejs\npx.ps1: 29 
Carácter: 3
+   & $NODE_EXE 
$NPX_CLI_JS $args
+   ~~~~~~~~~~~~~~~~
~~~~~~~~~~~~~
    + CategoryInfo  
            : NotS  
  pecified: (2026   
 -02-12T08:4...a    
stro:*,vite:*":    
String) [], Rem    
oteException
    + FullyQualifie 
   dErrorId : Nati  
  veCommandError
 
2026-02-12T08:40:13.
942Z astro:cli Tip: 
Set the DEBUG env 
variable directly 
for more control. 
Example: "DEBUG=astr
o:*,vite:* astro 
build".
2026-02-12T08:40:14.
472Z 
astro:telemetry 
[notify] last 
notified on 
1747988055717
2026-02-12T08:40:15.
800Z vite:env 
loading env files: [
  'C:/Users/danie/Do
cuments/GitHub/Web_C
odemaker/.env',
  'C:/Users/danie/Do
cuments/GitHub/Web_C
odemaker/.env.local'
,
  'C:/Users/danie/Do
cuments/GitHub/Web_C
odemaker/.env.produc
tion',
  'C:/Users/danie/Do
cuments/GitHub/Web_C
odemaker/.env.produc
tion.local'
]
2026-02-12T08:40:15.
800Z vite:env env 
files loaded in 
0.64ms
2026-02-12T08:40:15.
801Z vite:env using 
resolved env: {
  ALLUSERSPROFILE: 
'C:\\ProgramData',
  
ANTIGRAVITY_AGENT: 
'1',
  ANTIGRAVITY_CLI_AL
IAS: 'agy',
  APPDATA: 'C:\\User
s\\danie\\AppData\\R
oaming',
  CHROME_CRASHPAD_PI
PE_NAME: '\\\\.\\pip
e\\crashpad_34328_MN
FQBVCHHQPQQIBO',
  COLOR: '0',
  COLORTERM: 
'truecolor',
  
CommonProgramFiles: 
'C:\\Program 
Files\\Common 
Files',
  'CommonProgramFile
s(x86)': 
'C:\\Program Files 
(x86)\\Common 
Files',
  
CommonProgramW6432: 
'C:\\Program 
Files\\Common 
Files',
  COMPUTERNAME: 
'BOOK-4FTHA09EOS',
  ComSpec: 'C:\\WIND
OWS\\system32\\cmd.e
xe',
  DEBUG: 
'astro:*,vite:*',
  DriverData: 'C:\\W
indows\\System32\\Dr
ivers\\DriverData',
  EDITOR: 'C:\\WINDO
WS\\notepad.exe',
  EFC_35404_12627196
28: '1',
  EFC_35404_15929130
36: '1',
  EFC_35404_22830322
06: '1',
  EFC_35404_27752935
81: '1',
  EFC_35404_37891329
40: '1',
  FPS_BROWSER_APP_PR
OFILE_STRING: 
'Internet Explorer',
  FPS_BROWSER_USER_P
ROFILE_STRING: 
'Default',
  GIT_ASKPASS: 'c:\\
Users\\danie\\AppDat
a\\Local\\Programs\\
Antigravity\\resourc
es\\app\\extensions\
\git\\dist\\askpass.
sh',
  HOME: 
'C:\\Users\\danie',
  HOMEDRIVE: 'C:',
  HOMEPATH: 
'\\Users\\danie',
  INIT_CWD: 'C:\\Use
rs\\danie\\Documents
\\GitHub\\Web_Codema
ker',
  LANG: 
'en_US.UTF-8',
  LOCALAPPDATA: 'C:\
\Users\\danie\\AppDa
ta\\Local',
  LOGONSERVER: '\\\\
BOOK-4FTHA09EOS',
  NODE: 
'C:\\Program Files\\
nodejs\\node.exe',
  NODE_ENV: 
'production',
  npm_command: 
'exec',
  npm_config_cache: 
'C:\\Users\\danie\\A
ppData\\Local\\npm-c
ache',
  npm_config_globalc
onfig: 'C:\\Users\\d
anie\\AppData\\Roami
ng\\npm\\etc\\npmrc'
,
  npm_config_global_
prefix: 'C:\\Users\\
danie\\AppData\\Roam
ing\\npm',
  npm_config_init_mo
dule: 'C:\\Users\\da
nie\\.npm-init.js',
  npm_config_local_p
refix: 'C:\\Users\\d
anie\\Documents\\Git
Hub\\Web_Codemaker',
  npm_config_node_gy
p: 'C:\\Program File
s\\nodejs\\node_modu
les\\npm\\node_modul
es\\node-gyp\\bin\\n
ode-gyp.js',
  
npm_config_noproxy: 
'',
  npm_config_npm_ver
sion: '10.9.2',
  
npm_config_prefix: '
C:\\Users\\danie\\Ap
pData\\Roaming\\npm'
,
  npm_config_usercon
fig: 'C:\\Users\\dan
ie\\.npmrc',
  npm_config_user_ag
ent: 'npm/10.9.2 
node/v22.15.0 win32 
x64 
workspaces/false',
  npm_execpath: 
'C:\\Program Files\\
nodejs\\node_modules
\\npm\\bin\\npm-cli.
js',
  npm_lifecycle_even
t: 'npx',
  npm_lifecycle_scri
pt: 'astro',
  
npm_node_execpath: 
'C:\\Program Files\\
nodejs\\node.exe',
  npm_package_json: 
'C:\\Users\\danie\\D
ocuments\\GitHub\\We
b_Codemaker\\package
.json',
  npm_package_name: 
'portfolio',
  npm_package_versio
n: '0.0.1',
  NUMBER_OF_PROCESSO
RS: '18',
  OneDrive: 'C:\\Use
rs\\danie\\OneDrive 
- 3DTec Formaci├│n',
  
OneDriveCommercial: 
'C:\\Users\\danie\\O
neDrive - 3DTec 
Formaci├│n',
  OneDriveConsumer: 
'C:\\Users\\danie\\O
neDrive',
  OS: 'Windows_NT',
  PAGER: 'cat',
  Path: 'C:\\Users\\
danie\\Documents\\Gi
tHub\\Web_Codemaker\
\node_modules\\.bin;
C:\\Users\\danie\\Do
cuments\\GitHub\\Web
_Codemaker\\node_mod
ules\\.bin;C:\\Users
\\danie\\Documents\\
GitHub\\node_modules
\\.bin;C:\\Users\\da
nie\\Documents\\node
_modules\\.bin;C:\\U
sers\\danie\\node_mo
dules\\.bin;C:\\User
s\\node_modules\\.bi
n;C:\\node_modules\\
.bin;C:\\Program Fil
es\\nodejs\\node_mod
ules\\npm\\node_modu
les\\@npmcli\\run-sc
ript\\lib\\node-gyp-
bin;C:\\Program 
Files\\Common Files\
\Oracle\\Java\\javap
ath;C:\\WINDOWS\\sys
tem32;C:\\WINDOWS;C:
\\WINDOWS\\System32\
\Wbem;C:\\WINDOWS\\S
ystem32\\WindowsPowe
rShell\\v1.0\\;C:\\W
INDOWS\\System32\\Op
enSSH\\;C:\\Program 
Files\\dotnet\\;C:\\
Program Files\\AutoF
irma\\AutoFirma;C:\\
Program 
Files\\GitHub 
CLI\\;C:\\Program Fi
les\\Git\\cmd;C:\\Pr
ogram Files\\nodejs\
\;C:\\Users\\danie\\
AppData\\Roaming\\np
m;;C:\\Program Files
\\Docker\\Docker\\re
sources\\bin;C:\\Use
rs\\danie\\AppData\\
Local\\Programs\\Pyt
hon\\Launcher\\;C:\\
Users\\danie\\AppDat
a\\Local\\Microsoft\
\WindowsApps;C:\\Use
rs\\danie\\AppData\\
Local\\GitHubDesktop
\\bin;C:\\Users\\dan
ie\\AppData\\Local\\
Programs\\Microsoft 
VS Code\\bin;C:\\Use
rs\\danie\\.dotnet\\
tools;C:\\Users\\dan
ie\\AppData\\Roaming
\\npm;C:\\Users\\dan
ie\\AppData\\Local\\
Programs\\Antigravit
y\\bin',
  PATHEXT: '.COM;.EX
E;.BAT;.CMD;.VBS;.VB
E;.JS;.JSE;.WSF;.WSH
;.MSC;.CPL',
  PROCESSOR_ARCHITEC
TURE: 'AMD64',
  PROCESSOR_IDENTIFI
ER: 'Intel64 Family 
6 Model 170 
Stepping 4, 
GenuineIntel',
  PROCESSOR_LEVEL: 
'6',
  
PROCESSOR_REVISION: 
'aa04',
  ProgramData: 
'C:\\ProgramData',
  ProgramFiles: 
'C:\\Program Files',
  'ProgramFiles(x86)
': 'C:\\Program 
Files (x86)',
  ProgramW6432: 
'C:\\Program Files',
  PROMPT: '$P$G',
  PSModulePath: 'C:\
\Users\\danie\\Docum
ents\\WindowsPowerSh
ell\\Modules;C:\\Pro
gram Files\\WindowsP
owerShell\\Modules;C
:\\WINDOWS\\system32
\\WindowsPowerShell\
\v1.0\\Modules',
  PUBLIC: 
'C:\\Users\\Public',
  SESSIONNAME: 
'Console',
  SystemDrive: 'C:',
  SystemRoot: 
'C:\\WINDOWS',
  TEMP: 'C:\\Users\\
danie\\AppData\\Loca
l\\Temp',
  TERM_PROGRAM: 
'vscode',
  TERM_PROGRAM_VERSI
ON: '1.107.0',
  TMP: 'C:\\Users\\d
anie\\AppData\\Local
\\Temp',
  USERDOMAIN: 
'BOOK-4FTHA09EOS',
  USERDOMAIN_ROAMING
PROFILE: 
'BOOK-4FTHA09EOS',
  USERNAME: 'danie',
  USERPROFILE: 
'C:\\Users\\danie',
  VSCODE_GIT_ASKPASS
_EXTRA_ARGS: '',
  VSCODE_GIT_ASKPASS
_MAIN: 'c:\\Users\\d
anie\\AppData\\Local
\\Programs\\Antigrav
ity\\resources\\app\
\extensions\\git\\di
st\\askpass-main.js'
,
  VSCODE_GIT_ASKPASS
_NODE: 'C:\\Users\\d
anie\\AppData\\Local
\\Programs\\Antigrav
ity\\Antigravity.exe
',
  VSCODE_GIT_IPC_HAN
DLE: '\\\\.\\pipe\\v
scode-git-c8cfc4acf5
-sock',
  VSCODE_INJECTION: 
'1',
  VSCODE_PYTHON_AUTO
ACTIVATE_GUARD: '1',
  windir: 
'C:\\WINDOWS',
  
ZES_ENABLE_SYSMAN: 
'1'
}
2026-02-12T08:40:15.
808Z vite:env 
loading env files: [
  'C:/Users/danie/Do
cuments/GitHub/Web_C
odemaker/.env',
  'C:/Users/danie/Do
cuments/GitHub/Web_C
odemaker/.env.local'
,
  'C:/Users/danie/Do
cuments/GitHub/Web_C
odemaker/.env.produc
tion',
  'C:/Users/danie/Do
cuments/GitHub/Web_C
odemaker/.env.produc
tion.local'
]
2026-02-12T08:40:15.
808Z vite:env env 
files loaded in 
0.39ms
2026-02-12T08:40:15.
809Z vite:env using 
resolved env: {}
2026-02-12T08:40:15.
817Z vite:config 
using resolved 
config: {
  configFile: 
undefined,
  mode: 
'production',
  cacheDir: 'C:/User
s/danie/Documents/Gi
tHub/Web_Codemaker/n
ode_modules/.vite',
  clearScreen: 
false,
  customLogger: {
    hasWarned: 
false,
    info: 
[Function: info],
    warn: 
[Function: warn],
    warnOnce: 
[Function: 
warnOnce],
    error: 
[Function: error],
    clearScreen: 
[Function: 
clearScreen],
    hasErrorLogged: 
[Function: 
hasErrorLogged]
  },
  appType: 'custom',
  optimizeDeps: {
    include: [
      '@astrojs/reac
t/client.js',
      'react',
      'react-dom',
      'react/jsx-dev
-runtime',
      
'react/jsx-runtime',
      'astro > 
cssesc',
      'astro > 
aria-query',
      'astro > 
axobject-query'
    ],
    exclude: [ 
'astro', 
'node-fetch', '@astr
ojs/react/server.js'
 ],
    needsInterop: 
[],
    extensions: [],
    disabled: 
undefined,
    
holdUntilCrawlEnd: 
true,
    force: false,
    noDiscovery: 
true,
    esbuildOptions: 
{ preserveSymlinks: 
false, jsx: 
'automatic' },
    entries: [
      'C:/Users/dani
e/Documents/GitHub/W
eb_Codemaker/src/**/
*.{jsx,tsx,vue,svelt
e,html,astro}'
    ]
  },
  plugins: [
    'vite:optimized-
deps',
    'vite:watch-pack
age-data',
    
'vite:pre-alias',
    'alias',
    'astro-manifest-
plugin',
    'astro:build',
    
'astro-env-plugin',
    
'astro:markdown',
    'astro:head-meta
data',
    'astro-content-v
irtual-mod-plugin',
    'astro:content-a
sset-propagation',
    
'astro:assets:esm',
    'astro:vite-plug
in-file-url',
    'astro:i18n',
    'astro:actions',
    
'astro:container',
    
'vite:react-babel',
    'vite:react-refr
esh',
    'vite:moduleprel
oad-polyfill',
    'vite:resolve',
    'vite:html-inlin
e-proxy',
    'vite:css',
    'vite:esbuild',
    'vite:json',
    
'vite:wasm-helper',
    'vite:worker',
    'vite:asset',
    'astro:build:nor
mal',
    'astro:scripts',
    'astro:html',
    
'astro:postprocess',
    'astro:integrati
on-container',
    'astro:content-i
mports',
    '@astro/plugin-m
iddleware',
    'astro:assets',
    'astro:fonts:fal
lback',
    
'astro:prefetch',
    
'astro:transitions',
    
'astro:dev-toolbar',
    '@astro/plugin-a
ctions',
    '@astrojs/react:
opts',
    'vite:wasm-fallb
ack',
    'astro:vite-plug
in-env',
    'vite:define',
    'vite:css-post',
    'vite:worker-imp
ort-meta-url',
    'vite:asset-impo
rt-meta-url',
    'vite:dynamic-im
port-vars',
    
'vite:import-glob',
    'astro:tsconfig-
alias',
    'astro:scripts:p
age-ssr',
    'astro:scanner',
    '@astrojs/vite-p
lugin-astro-ssr-mani
fest',
    'astro:server-is
lands',
    
'astro:hmr-reload',
    'vite:client-inj
ect',
    
'vite:css-analysis',
    'vite:import-ana
lysis'
  ],
  publicDir: 'C:/Use
rs/danie/Documents/G
itHub/Web_Codemaker/
public',
  root: 'C:/Users/da
nie/Documents/GitHub
/Web_Codemaker',
  envPrefix: 
'PUBLIC_',
  define: {
    'import.meta.env
.SITE': 'undefined',
    'import.meta.env
.BASE_URL': '"/"',
    'import.meta.env
.ASSETS_PREFIX': 
'undefined',
    __ASTRO_INTERNAL
_I18N_CONFIG__: '{"b
ase":"/","format":"d
irectory","trailingS
lash":"ignore","isBu
ild":false}'
  },
  server: {
    port: 5173,
    strictPort: 
false,
    host: undefined,
    allowedHosts: 
[],
    https: 
undefined,
    open: false,
    proxy: 
undefined,
    cors: {
      origin: /^http
s?:\/\/(?:(?:[^:]+\.
)?localhost|127\.0\.
0\.1|\[::1\])(?::\d+
)?$/
    },
    headers: {},
    warmup: { 
clientFiles: [], 
ssrFiles: [] },
    middlewareMode: 
true,
    fs: {
      strict: true,
      deny: [ 
'.env', '.env.*', 
'*.{crt,pem}', 
'**/.git/**' ],
      allow: [ 'C:/U
sers/danie/Documents
/GitHub/Web_Codemake
r' ]
    },
    preTransformRequ
ests: true,
    perEnvironmentSt
artEndDuringDev: 
false,
    sourcemapIgnoreL
ist: [Function: 
isInNodeModules$1],
    hmr: false,
    watch: { 
ignored: [ '**' ] },
    ws: false
  },
  resolve: {
    
externalConditions: 
[ 'node' ],
    extensions: [
      '.mjs',  
'.js',
      '.mts',  
'.ts',
      '.jsx',  
'.tsx',
      '.json'
    ],
    dedupe: [ 
'astro', 'react', 
'react-dom' ],
    noExternal: [],
    external: [],
    
preserveSymlinks: 
false,
    alias: [
      { find: '@', 
replacement: '/src' 
},
      { find: 
'@components', 
replacement: 
'/src/components' },
      { find: 
'randombytes', 
replacement: 'random
bytes/browser' },
      {
        find: 
/^astro$/,
        
replacement: 'C:\\Us
ers\\danie\\Document
s\\GitHub\\Web_Codem
aker\\node_modules\\
astro\\dist\\types\\
public\\index.js'
      },
      {
        find: 
'astro:middleware',
        
replacement: 'astro/
virtual-modules/midd
leware.js'
      },
      { find: 
'astro:schema', 
replacement: 
'astro/zod' },
      { find: 
'astro:components', 
replacement: 
'astro/components' 
},
      {
        find: 
/^\/?@vite\/env/,
        
replacement: '/@fs/C
:/Users/danie/Docume
nts/GitHub/Web_Codem
aker/node_modules/vi
te/dist/client/env.m
js'
      },
      {
        find: 
/^\/?@vite\/client/,
        
replacement: '/@fs/C
:/Users/danie/Docume
nts/GitHub/Web_Codem
aker/node_modules/vi
te/dist/client/clien
t.mjs'
      }
    ],
    mainFields: [ 
'browser', 
'module', 
'jsnext:main', 
'jsnext' ],
    conditions: [ 
'module', 
'browser', 'developm
ent|production', 
'astro' ],
    builtins: []
  },
  ssr: {
    target: 'node',
    optimizeDeps: {
      
esbuildOptions: { 
preserveSymlinks: 
false },
      include: [],
      exclude: [],
      needsInterop: 
[],
      extensions: 
[],
      
holdUntilCrawlEnd: 
true,
      force: false,
      noDiscovery: 
true
    },
    noExternal: [
      'astro',
      
'astro/components',
      '@nanostores/p
react',
      
'@fontsource/*',
      
'@astrojs/react',
      
'@astrojs/tailwind',
      
'@mui/material',
      '@mui/base',
      
'@babel/runtime',
      'use-immer',
      '@material-tai
lwind/react'
    ],
    external: [],
    resolve: {
      conditions: [ 
'module', 'node', 'd
evelopment|productio
n', 'astro' ],
      
externalConditions: 
[ 'node' ]
    }
  },
  build: {
    target: [ 
'es2020', 'edge88', 
'firefox78', 
'chrome87', 
'safari14' ],
    polyfillModulePr
eload: true,
    modulePreload: 
{ polyfill: true },
    outDir: 'dist',
    assetsDir: 
'_astro',
    
assetsInlineLimit: 
4096,
    sourcemap: 
false,
    terserOptions: 
{},
    rollupOptions: 
{ onwarn: 
[Function: onwarn] 
},
    
commonjsOptions: { 
include: [ 
/node_modules/ ], 
extensions: [ 
'.js', '.cjs' ] },
    dynamicImportVar
sOptions: { 
warnOnError: true, 
exclude: [ 
/node_modules/ ] },
    write: true,
    emptyOutDir: 
null,
    copyPublicDir: 
true,
    manifest: false,
    lib: false,
    ssrManifest: 
false,
    ssrEmitAssets: 
false,
    reportCompressed
Size: true,
    chunkSizeWarning
Limit: 500,
    watch: null,
    cssCodeSplit: 
true,
    minify: 
'esbuild',
    ssr: false,
    emitAssets: 
false,
    
createEnvironment: 
[Function: 
createEnvironment],
    cssTarget: [ 
'es2020', 'edge88', 
'firefox78', 
'chrome87', 
'safari14' ],
    cssMinify: true
  },
  css: {
    transformer: 
'postcss',
    preprocessorMaxW
orkers: 0,
    devSourcemap: 
false,
    postcss: {
      plugins: [
        {
          
postcssPlugin: 
'tailwindcss',
          plugins: 
[ [AsyncFunction 
(anonymous)] ]
        },
        {
          browsers: 
undefined,
          info: 
[Function: info],
          options: 
{},
          
postcssPlugin: 
'autoprefixer',
          prepare: 
[Function: prepare]
        }
      ]
    }
  },
  logLevel: 
'silent',
  esbuild: { 
jsxDev: false, jsx: 
'automatic', 
jsxImportSource: 
undefined },
  environments: {
    client: {
      define: {
        'import.meta
.env.SITE': 
'undefined',
        'import.meta
.env.BASE_URL': 
'"/"',
        'import.meta
.env.ASSETS_PREFIX':
 'undefined',
        __ASTRO_INTE
RNAL_I18N_CONFIG__: 
'{"base":"/","format
":"directory","trail
ingSlash":"ignore","
isBuild":false}'
      },
      resolve: {
        
externalConditions: 
[ 'node' ],
        extensions: 
[
          '.mjs',  
'.js',
          '.mts',  
'.ts',
          '.jsx',  
'.tsx',
          '.json'
        ],
        dedupe: [ 
'astro', 'react', 
'react-dom' ],
        noExternal: 
[],
        external: 
[],
        
preserveSymlinks: 
false,
        alias: [
          { find: 
'@', replacement: 
'/src' },
          { find: 
'@components', 
replacement: 
'/src/components' },
          { find: 
'randombytes', 
replacement: 'random
bytes/browser' },
          {
            find: 
/^astro$/,
            
replacement: 'C:\\Us
ers\\danie\\Document
s\\GitHub\\Web_Codem
aker\\node_modules\\
astro\\dist\\types\\
public\\index.js'
          },
          {
            find: 
'astro:middleware',
            
replacement: 'astro/
virtual-modules/midd
leware.js'
          },
          { find: 
'astro:schema', 
replacement: 
'astro/zod' },
          { find: 
'astro:components', 
replacement: 
'astro/components' 
},
          {
            find: 
/^\/?@vite\/env/,
            
replacement: '/@fs/C
:/Users/danie/Docume
nts/GitHub/Web_Codem
aker/node_modules/vi
te/dist/client/env.m
js'
          },
          {
            find: 
/^\/?@vite\/client/,
            
replacement: '/@fs/C
:/Users/danie/Docume
nts/GitHub/Web_Codem
aker/node_modules/vi
te/dist/client/clien
t.mjs'
          }
        ],
        mainFields: 
[ 'browser', 
'module', 
'jsnext:main', 
'jsnext' ],
        conditions: 
[ 'module', 
'browser', 'developm
ent|production', 
'astro' ],
        builtins: []
      },
      
keepProcessEnv: 
false,
      consumer: 
'client',
      optimizeDeps: 
{
        include: [
          '@astrojs/
react/client.js',
          'react',
          
'react-dom',
          'react/jsx
-dev-runtime',
          
'react/jsx-runtime',
          'astro > 
cssesc',
          'astro > 
aria-query',
          'astro > 
axobject-query'
        ],
        exclude: [ 
'astro', 
'node-fetch', '@astr
ojs/react/server.js'
 ],
        
needsInterop: [],
        extensions: 
[],
        disabled: 
undefined,
        
holdUntilCrawlEnd: 
true,
        force: 
false,
        
noDiscovery: true,
        
esbuildOptions: { 
preserveSymlinks: 
false, jsx: 
'automatic' },
        entries: [
          'C:/Users/
danie/Documents/GitH
ub/Web_Codemaker/src
/**/*.{jsx,tsx,vue,s
velte,html,astro}'
        ]
      },
      dev: {
        warmup: [],
        sourcemap: 
{ js: true },
        sourcemapIgn
oreList: [Function: 
isInNodeModules$1],
        preTransform
Requests: true,
        
createEnvironment: 
[Function: defaultCr
eateClientDevEnviron
ment],
        
recoverable: true,
        moduleRunner
Transform: false
      },
      build: {
        target: [ 
'es2020', 'edge88', 
'firefox78', 
'chrome87', 
'safari14' ],
        polyfillModu
lePreload: true,
        
modulePreload: { 
polyfill: true },
        outDir: 
'dist',
        assetsDir: 
'_astro',
        
assetsInlineLimit: 
4096,
        sourcemap: 
false,
        
terserOptions: {},
        
rollupOptions: { 
onwarn: [Function: 
onwarn] },
        
commonjsOptions: { 
include: [ 
/node_modules/ ], 
extensions: [ 
'.js', '.cjs' ] },
        dynamicImpor
tVarsOptions: { 
warnOnError: true, 
exclude: [ 
/node_modules/ ] },
        write: true,
        
emptyOutDir: null,
        
copyPublicDir: true,
        manifest: 
false,
        lib: false,
        
ssrManifest: false,
        
ssrEmitAssets: 
false,
        reportCompre
ssedSize: true,
        chunkSizeWar
ningLimit: 500,
        watch: null,
        
cssCodeSplit: true,
        minify: 
'esbuild',
        ssr: false,
        emitAssets: 
true,
        
createEnvironment: 
[Function: 
createEnvironment],
        cssTarget: 
[ 'es2020', 
'edge88', 
'firefox78', 
'chrome87', 
'safari14' ],
        cssMinify: 
true
      }
    },
    ssr: {
      define: {
        'import.meta
.env.SITE': 
'undefined',
        'import.meta
.env.BASE_URL': 
'"/"',
        'import.meta
.env.ASSETS_PREFIX':
 'undefined',
        __ASTRO_INTE
RNAL_I18N_CONFIG__: 
'{"base":"/","format
":"directory","trail
ingSlash":"ignore","
isBuild":false}'
      },
      resolve: {
        
externalConditions: 
[ 'node' ],
        extensions: 
[
          '.mjs',  
'.js',
          '.mts',  
'.ts',
          '.jsx',  
'.tsx',
          '.json'
        ],
        dedupe: [ 
'astro', 'react', 
'react-dom' ],
        noExternal: 
[
          'astro',
          
'astro/components',
          '@nanostor
es/preact',
          
'@fontsource/*',
          
'@astrojs/react',
          
'@astrojs/tailwind',
          
'@mui/material',
          
'@mui/base',
          
'@babel/runtime',
          
'use-immer',
          '@material
-tailwind/react'
        ],
        external: 
[],
        
preserveSymlinks: 
false,
        alias: [
          { find: 
'@', replacement: 
'/src' },
          { find: 
'@components', 
replacement: 
'/src/components' },
          { find: 
'randombytes', 
replacement: 'random
bytes/browser' },
          {
            find: 
/^astro$/,
            
replacement: 'C:\\Us
ers\\danie\\Document
s\\GitHub\\Web_Codem
aker\\node_modules\\
astro\\dist\\types\\
public\\index.js'
          },
          {
            find: 
'astro:middleware',
            
replacement: 'astro/
virtual-modules/midd
leware.js'
          },
          { find: 
'astro:schema', 
replacement: 
'astro/zod' },
          { find: 
'astro:components', 
replacement: 
'astro/components' 
},
          {
            find: 
/^\/?@vite\/env/,
            
replacement: '/@fs/C
:/Users/danie/Docume
nts/GitHub/Web_Codem
aker/node_modules/vi
te/dist/client/env.m
js'
          },
          {
            find: 
/^\/?@vite\/client/,
            
replacement: '/@fs/C
:/Users/danie/Docume
nts/GitHub/Web_Codem
aker/node_modules/vi
te/dist/client/clien
t.mjs'
          }
        ],
        mainFields: 
[ 'module', 
'jsnext:main', 
'jsnext' ],
        conditions: 
[ 'module', 'node', 
'development|product
ion', 'astro' ],
        builtins: [
          
'_http_agent',      
   '_http_client',  
      
'_http_common',
          
'_http_incoming',   
   
'_http_outgoing',   
   '_http_server',
          
'_stream_duplex',   
   '_stream_passthro
ugh', 
'_stream_readable',
          '_stream_t
ransform',   
'_stream_wrap',     
   
'_stream_writable',
          
'_tls_common',      
   '_tls_wrap',     
      'assert',
          
'assert/strict',    
   'async_hooks',   
      'buffer',
          
'child_process',    
   'cluster',       
      'console',
          
'constants',        
   'crypto',        
      'dgram',
          'diagnosti
cs_channel', 'dns', 
                
'dns/promises',
          'domain', 
             
'events',           
   'fs',
          
'fs/promises',      
   'http',          
      'http2',
          'https',  
             
'inspector',        
   'inspector/promis
es',
          'module', 
             'net', 
                
'os',
          'path',   
             
'path/posix',       
   'path/win32',
          
'perf_hooks',       
   'process',       
      'punycode',
          
'querystring',      
   'readline',      
      
'readline/promises',
          'repl',   
             
'stream',           
   
'stream/consumers',
          
'stream/promises',  
   'stream/web',    
      
'string_decoder',
          'sys',    
             
'timers',           
   
'timers/promises',
          'tls',    
             
'trace_events',     
   'tty',
          'url',    
             
'util',             
   'util/types',
          'v8',     
             'vm',  
                
'wasi',
          
'worker_threads',   
   'zlib',          
      /^node:/,
          /^npm:/,  
             /^bun:/
        ]
      },
      
keepProcessEnv: 
true,
      consumer: 
'server',
      optimizeDeps: 
{
        include: [],
        exclude: [],
        
needsInterop: [],
        extensions: 
[],
        disabled: 
undefined,
        
holdUntilCrawlEnd: 
true,
        force: 
false,
        
noDiscovery: true,
        
esbuildOptions: { 
preserveSymlinks: 
false }
      },
      dev: {
        warmup: [],
        sourcemap: 
{ js: true },
        sourcemapIgn
oreList: [Function: 
isInNodeModules$1],
        preTransform
Requests: false,
        
createEnvironment: 
[Function: defaultCr
eateDevEnvironment],
        
recoverable: false,
        moduleRunner
Transform: true
      },
      build: {
        target: [ 
'es2020', 'edge88', 
'firefox78', 
'chrome87', 
'safari14' ],
        polyfillModu
lePreload: true,
        
modulePreload: { 
polyfill: true },
        outDir: 
'dist',
        assetsDir: 
'_astro',
        
assetsInlineLimit: 
4096,
        sourcemap: 
false,
        
terserOptions: {},
        
rollupOptions: { 
onwarn: [Function: 
onwarn] },
        
commonjsOptions: { 
include: [ 
/node_modules/ ], 
extensions: [ 
'.js', '.cjs' ] },
        dynamicImpor
tVarsOptions: { 
warnOnError: true, 
exclude: [ 
/node_modules/ ] },
        write: true,
        
emptyOutDir: null,
        
copyPublicDir: true,
        manifest: 
false,
        lib: false,
        
ssrManifest: false,
        
ssrEmitAssets: 
false,
        reportCompre
ssedSize: true,
        chunkSizeWar
ningLimit: 500,
        watch: null,
        
cssCodeSplit: true,
        minify: 
false,
        ssr: true,
        emitAssets: 
false,
        
createEnvironment: 
[Function: 
createEnvironment],
        cssTarget: 
[ 'es2020', 
'edge88', 
'firefox78', 
'chrome87', 
'safari14' ],
        cssMinify: 
'esbuild'
      }
    }
  },
  configFileDependen
cies: [],
  inlineConfig: {
    configFile: 
false,
    mode: 
'production',
    cacheDir: 'C:\\U
sers\\danie\\Documen
ts\\GitHub\\Web_Code
maker\\node_modules\
\.vite\\',
    clearScreen: 
false,
    customLogger: {
      hasWarned: 
false,
      info: 
[Function: info],
      warn: 
[Function: warn],
      warnOnce: 
[Function: 
warnOnce],
      error: 
[Function: error],
      clearScreen: 
[Function: 
clearScreen],
      
hasErrorLogged: 
[Function: 
hasErrorLogged]
    },
    appType: 
'custom',
    optimizeDeps: {
      entries: [
        'C:/Users/da
nie/Documents/GitHub
/Web_Codemaker/src/*
*/*.{jsx,tsx,vue,sve
lte,html,astro}'
      ],
      exclude: [ 
'astro', 
'node-fetch', '@astr
ojs/react/server.js'
 ],
      include: [ '@a
strojs/react/client.
js' ],
      noDiscovery: 
true
    },
    plugins: [
      {
        enforce: 
'pre',
        name: 'astro
-manifest-plugin',
        resolveId: 
[Function: 
resolveId],
        load: 
[Function: load]
      },
      {
        name: 'astro
:tsconfig-alias',
        enforce: 
'post',
        
configResolved: 
[Function: 
configResolved],
        resolveId: 
[AsyncFunction: 
resolveId]
      },
      false,
      [
        {
          name: 
'astro:build',
          enforce: 
'pre',
          
configEnvironment: 
[AsyncFunction: 
configEnvironment],
          
configResolved: 
[Function: 
configResolved],
          
configureServer: 
[Function: 
configureServer],
          
buildStart: 
[Function: 
buildStart],
          load: 
[AsyncFunction: 
load],
          
transform: 
[AsyncFunction: 
transform],
          
handleHotUpdate: 
[AsyncFunction: 
handleHotUpdate]
        },
        {
          name: 'ast
ro:build:normal',
          
resolveId: 
[Function: 
resolveId]
        }
      ],
      {
        name: 
'astro:scripts',
        config: 
[Function: config],
        resolveId: 
[AsyncFunction: 
resolveId],
        load: 
[AsyncFunction: 
load],
        buildStart: 
[Function: 
buildStart]
      },
      false,
      {
        name: 'astro
:vite-plugin-env',
        config: 
[Function: config],
        
configResolved: 
[Function: 
configResolved],
        transform: 
[Function: 
transform]
      },
      {
        name: 
'astro-env-plugin',
        enforce: 
'pre',
        config: 
[Function: config],
        buildStart: 
[Function: 
buildStart],
        buildEnd: 
[Function: 
buildEnd],
        resolveId: 
[Function: 
resolveId],
        load: 
[Function: load]
      },
      {
        enforce: 
'pre',
        name: 
'astro:markdown',
        buildEnd: 
[Function: 
buildEnd],
        resolveId: 
[AsyncFunction: 
resolveId],
        load: 
[AsyncFunction: 
load]
      },
      {
        name: 
'astro:html',
        options: 
[Function: options],
        transform: 
[AsyncFunction: 
transform]
      },
      {
        name: 
'astro:postprocess',
        transform: 
[AsyncFunction: 
transform]
      },
      {
        name: 'astro
:integration-contain
er',
        
configureServer: 
[AsyncFunction: 
configureServer],
        buildStart: 
[AsyncFunction: 
buildStart]
      },
      {
        name: 'astro
:scripts:page-ssr',
        enforce: 
'post',
        transform: 
[Function: 
transform]
      },
      {
        name: 'astro
:head-metadata',
        enforce: 
'pre',
        apply: 
'serve',
        
configureServer: 
[Function: 
configureServer],
        resolveId: 
[Function: 
resolveId],
        transform: 
[Function: 
transform]
      },
      {
        name: 
'astro:scanner',
        enforce: 
'post',
        transform: 
[AsyncFunction: 
transform],
        
handleHotUpdate: 
[AsyncFunction: 
handleHotUpdate]
      },
      {
        name: 'astro
-content-virtual-mod
-plugin',
        enforce: 
'pre',
        config: 
[Function: config],
        buildStart: 
[Function: 
buildStart],
        resolveId: 
[AsyncFunction: 
resolveId],
        load: 
[AsyncFunction: 
load],
        
configureServer: 
[Function: 
configureServer]
      },
      [
        {
          name: 'ast
ro:content-imports',
          config: 
[Function: config],
          
buildStart: 
[AsyncFunction: 
buildStart],
          
transform: 
[AsyncFunction: 
transform],
          
configureServer: 
[Function: 
configureServer]
        }
      ],
      {
        name: 'astro
:content-asset-propa
gation',
        enforce: 
'pre',
        resolveId: 
[AsyncFunction: 
resolveId],
        
configureServer: 
[Function: 
configureServer],
        transform: 
[AsyncFunction: 
transform]
      },
      {
        name: '@astr
o/plugin-middleware'
,
        resolveId: 
[AsyncFunction: 
resolveId],
        load: 
[AsyncFunction: 
load]
      },
      {
        name: '@astr
ojs/vite-plugin-astr
o-ssr-manifest',
        enforce: 
'post',
        resolveId: 
[Function: 
resolveId],
        load: 
[Function: load]
      },
      [
        {
          name: 
'astro:assets',
          config: 
[Function: config],
          
resolveId: 
[AsyncFunction: 
resolveId],
          load: 
[Function: load],
          
buildStart: 
[Function: 
buildStart],
          
renderChunk: 
[AsyncFunction: 
renderChunk]
        },
        {
          name: 
'astro:assets:esm',
          enforce: 
'pre',
          config: 
[Function: config],
          
configResolved: 
[Function: 
configResolved],
          load: 
[AsyncFunction: 
load]
        },
        {
          name: 'ast
ro:fonts:fallback',
          
resolveId: 
[Function: 
resolveId],
          load: 
[Function: load]
        }
      ],
      {
        name: 
'astro:prefetch',
        resolveId: 
[AsyncFunction: 
resolveId],
        load: 
[Function: load],
        transform: 
[Function: 
transform]
      },
      {
        name: 
'astro:transitions',
        config: 
[Function: config],
        resolveId: 
[AsyncFunction: 
resolveId],
        load: 
[Function: load],
        transform: 
[Function: 
transform]
      },
      {
        name: 
'astro:dev-toolbar',
        config: 
[Function: config],
        resolveId: 
[Function: 
resolveId],
        
configureServer: 
[Function: 
configureServer],
        load: 
[AsyncFunction: 
load]
      },
      {
        name: 'astro
:vite-plugin-file-ur
l',
        enforce: 
'pre',
        resolveId: 
[Function: 
resolveId]
      },
      {
        name: 
'astro:i18n',
        enforce: 
'pre',
        config: 
[Function: config],
        resolveId: 
[Function: 
resolveId]
      },
      {
        name: 
'astro:actions',
        enforce: 
'pre',
        resolveId: 
[Function: 
resolveId],
        
configureServer: 
[AsyncFunction: 
configureServer],
        load: 
[AsyncFunction: 
load]
      },
      {
        name: '@astr
o/plugin-actions',
        resolveId: 
[AsyncFunction: 
resolveId],
        load: 
[Function: load]
      },
      {
        name: 'astro
:server-islands',
        enforce: 
'post',
        config: 
[Function: config],
        
configureServer: 
[Function: 
configureServer],
        resolveId: 
[Function: 
resolveId],
        load: 
[Function: load],
        transform: 
[Function: 
transform],
        
renderChunk: 
[Function: 
renderChunk]
      },
      {
        name: 
'astro:container',
        enforce: 
'pre',
        resolveId: 
[Function: 
resolveId]
      },
      {
        name: 
'astro:hmr-reload',
        enforce: 
'post',
        hotUpdate: 
{ order: 'post', 
handler: [Function: 
handler] }
      },
      {
        name: 
'vite:react-babel',
        enforce: 
'pre',
        config: 
[Function: config],
        
configResolved: 
[Function: 
configResolved],
        options: 
[Function: options]
      },
      {
        name: 'vite:
react-refresh',
        enforce: 
'pre',
        config: 
[Function: config],
        resolveId: {
          filter: { 
id: /^\/@react\-refr
esh$/ },
          handler: 
[Function: handler]
        },
        load: {
          filter: { 
id: /^\/@react\-refr
esh$/ },
          handler: 
[Function: handler]
        },
        
transformIndexHtml: 
[Function: 
transformIndexHtml]
      },
      {
        name: '@astr
ojs/react:opts',
        resolveId: 
[Function: 
resolveId],
        load: 
[Function: load]
      }
    ],
    publicDir: 'C:\\
Users\\danie\\Docume
nts\\GitHub\\Web_Cod
emaker\\public\\',
    root: 'C:\\Users
\\danie\\Documents\\
GitHub\\Web_Codemake
r\\',
    envPrefix: 
'PUBLIC_',
    define: {
      'import.meta.e
nv.SITE': 
'undefined',
      'import.meta.e
nv.BASE_URL': '"/"',
      'import.meta.e
nv.ASSETS_PREFIX': 
'undefined'
    },
    server: {
      hmr: false,
      watch: { 
ignored: [ '**' ] },
      
middlewareMode: 
true,
      ws: false
    },
    resolve: {
      alias: [
        { find: 
'@', replacement: 
'/src' },
        { find: 
'@components', 
replacement: 
'/src/components' },
        { find: 
'randombytes', 
replacement: 'random
bytes/browser' },
        {
          find: 
/^astro$/,
          
replacement: 'C:\\Us
ers\\danie\\Document
s\\GitHub\\Web_Codem
aker\\node_modules\\
astro\\dist\\types\\
public\\index.js'
        },
        {
          find: 
'astro:middleware',
          
replacement: 'astro/
virtual-modules/midd
leware.js'
        },
        { find: 
'astro:schema', 
replacement: 
'astro/zod' },
        { find: 
'astro:components', 
replacement: 
'astro/components' }
      ],
      dedupe: [ 
'astro' ]
    },
    ssr: {
      noExternal: [
        'astro',
        
'astro/components',
        '@nanostores
/preact',
        
'@fontsource/*',
        
'@astrojs/react',
        
'@astrojs/tailwind',
        
'@mui/material',
        '@mui/base',
        
'@babel/runtime',
        'use-immer',
        '@material-t
ailwind/react'
      ],
      external: []
    },
    build: { 
assetsDir: '_astro' 
},
    css: {
      postcss: {
        plugins: [
          {
            
postcssPlugin: 
'tailwindcss',
            
plugins: [ 
[AsyncFunction 
(anonymous)] ]
          },
          {
            
browsers: undefined,
            info: 
[Function: info],
            
options: {},
            
postcssPlugin: 
'autoprefixer',
            
prepare: [Function: 
prepare]
          }
        ]
      }
    },
    logLevel: 
'silent'
  },
  base: '/',
  decodedBase: '/',
  rawBase: '/',
  command: 'serve',
  isWorker: false,
  mainConfig: null,
  bundleChain: [],
  isProduction: 
true,
  json: { 
namedExports: true, 
stringify: 'auto' },
  builder: 
undefined,
  preview: {
    port: 4173,
    strictPort: 
false,
    host: undefined,
    allowedHosts: 
[],
    https: 
undefined,
    open: false,
    proxy: 
undefined,
    cors: {
      origin: /^http
s?:\/\/(?:(?:[^:]+\.
)?localhost|127\.0\.
0\.1|\[::1\])(?::\d+
)?$/
    },
    headers: {}
  },
  envDir: 'C:/Users/
danie/Documents/GitH
ub/Web_Codemaker',
  env: { BASE_URL: 
'/', MODE: 
'production', DEV: 
false, PROD: true },
  assetsInclude: 
[Function: 
assetsInclude],
  logger: {
    hasWarned: 
false,
    info: 
[Function: info],
    warn: 
[Function: warn],
    warnOnce: 
[Function: 
warnOnce],
    error: 
[Function: error],
    clearScreen: 
[Function: 
clearScreen],
    hasErrorLogged: 
[Function: 
hasErrorLogged]
  },
  packageCache: 
Map(1) {
    'fnpd_C:/Users/d
anie/Documents/GitHu
b/Web_Codemaker' => 
{
      dir: 'C:/Users
/danie/Documents/Git
Hub/Web_Codemaker',
      data: {
        name: 
'portfolio',
        type: 
'module',
        version: 
'0.0.1',
        scripts: {
          dev: 
'astro dev',
          start: 
'astro dev',
          build: 
'astro check && 
astro build',
          preview: 
'astro preview',
          astro: 
'astro'
        },
        
dependencies: {
          
'@astrojs/check': 
'^0.9.4',
          
'@astrojs/react': 
'^4.4.2',
          '@astrojs/
tailwind': '^6.0.2',
          '@react-th
ree/drei': 
'^10.7.7',
          '@react-th
ree/fiber': 
'^9.5.0',
          
'@types/react': 
'^19.2.14',
          
'@types/react-dom': 
'^19.2.3',
          
'@types/three': 
'^0.182.0',
          
'@types/uuid': 
'^10.0.0',
          astro: 
'^5.8.0',
          
'lucide-react': 
'^0.563.0',
          ogl: 
'^1.0.11',
          react: 
'^19.2.4',
          
'react-dom': 
'^19.2.4',
          sharp: 
'^0.34.2',
          three: 
'^0.182.0',
          
typescript: 
'^5.8.3',
          uuid: 
'^13.0.0'
        },
        
devDependencies: {
          
'@types/node': 
'^22.15.19',
          prettier: 
'^3.5.2',
          'prettier-
plugin-astro': 
'^0.14.1'
        }
      },
      
hasSideEffects: 
[Function: 
hasSideEffects],
      
setResolvedCache: 
[Function: 
setResolvedCache],
      
getResolvedCache: 
[Function: 
getResolvedCache]
    },
    set: [Function 
(anonymous)]
  },
  worker: { format: 
'iife', plugins: 
'() => plugins', 
rollupOptions: {} },
  experimental: { im
portGlobRestoreExten
sion: false, 
hmrPartialAccept: 
false },
  future: undefined,
  dev: {
    warmup: [],
    sourcemap: { 
js: true },
    sourcemapIgnoreL
ist: [Function: 
isInNodeModules$1],
    preTransformRequ
ests: false,
    
createEnvironment: 
[Function: defaultCr
eateDevEnvironment],
    recoverable: 
false,
    moduleRunnerTran
sform: false
  },
  webSocketToken: 
'p1DxVrj-MQrK',
  getSortedPlugins: 
[Function: 
getSortedPlugins],
  getSortedPluginHoo
ks: [Function: getSo
rtedPluginHooks],
  createResolver: 
[Function 
(anonymous)],
  fsDenyGlob: 
[Function: 
arrayMatcher],
  safeModulePaths: 
Set(0) {},
  additionalAllowedH
osts: [],
  [Symbol(vite:resol
ved-config)]: true
}
2026-02-12T08:40:15.
883Z vite:deps 
(client) Hash is 
consistent. 
Skipping. Use 
--force to override.
09:40:15 [content] Syncing content
09:40:15 [content] Synced content
09:40:15 [types] Generated 98ms
09:40:15 [check] Getting diagnostics for Astro files in C:\Users\danie\Documents\GitHub\Web_Codemaker...
[96msrc/components/LetterEffect.astro[0m:[93m7[0m:[93m7[0m - [93mwarning[0m[90m ts(6133): [0m'highlightColor' is declared but its value is never read.

[7m7[0m const highlightColor = "#FFFFFF";
[7m [0m [93m      ~~~~~~~~~~~~~~[0m
[96msrc/components/LetterEffect.astro[0m:[93m6[0m:[93m7[0m - [93mwarning[0m[90m ts(6133): [0m'smooth' is declared but its value is never read.

[7m6[0m const smooth = true;
[7m [0m [93m      ~~~~~~[0m
[96msrc/components/LetterEffect.astro[0m:[93m3[0m:[93m7[0m - [93mwarning[0m[90m ts(6133): [0m'glitchSpeed' is declared but its value is never read.

[7m3[0m const glitchSpeed = 33;
[7m [0m [93m      ~~~~~~~~~~~[0m
[96msrc/components/LetterEffect.astro[0m:[93m2[0m:[93m7[0m - [93mwarning[0m[90m ts(6133): [0m'glitchColors' is declared but its value is never read.

[7m2[0m const glitchColors = ["#007AFB", "#00477A", "#FFFFFF"];
[7m [0m [93m      ~~~~~~~~~~~~[0m

[96msrc/components/Niveles.astro[0m:[93m3[0m:[93m1[0m - [93mwarning[0m[90m ts(6133): [0m'Gallery' is declared but its value is never read.

[7m3[0m import Gallery from "./gallery.astro";
[7m [0m [93m~~~~~~~~~~~~~~~~~~~~~~~~~~~~~~~~~~~~~~[0m
[96msrc/components/Niveles.astro[0m:[93m2[0m:[93m1[0m - [93mwarning[0m[90m ts(6133): [0m'ClientesSlide' is declared but its value is never read.

[7m2[0m import ClientesSlide from "../components/ClientesSlide.astro";
[7m [0m [93m~~~~~~~~~~~~~~~~~~~~~~~~~~~~~~~~~~~~~~~~~~~~~~~~~~~~~~~~~~~~~~[0m

[96msrc/components/cursos.astro[0m:[93m2[0m:[93m1[0m - [93mwarning[0m[90m ts(6133): [0m'ClientesSlide' is declared but its value is never read.

[7m2[0m import ClientesSlide from "../components/ClientesSlide.astro";
[7m [0m [93m~~~~~~~~~~~~~~~~~~~~~~~~~~~~~~~~~~~~~~~~~~~~~~~~~~~~~~~~~~~~~~[0m
[96msrc/components/cursos.astro[0m:[93m113[0m:[93m22[0m - [93mwarning[0m[90m ts(7044): [0mParameter 'type' implicitly has an 'any' type, but a better type may be inferred from usage.

[7m113[0m   function openModal(type) {
[7m   [0m [93m                     ~~~~[0m

[96msrc/components/nav.astro[0m:[93m170[0m:[93m24[0m - [93mwarning[0m[90m ts(7044): [0mParameter 'entry' implicitly has an 'any' type, but a better type may be inferred from usage.

[7m170[0m       entries.forEach((entry) => {
[7m   [0m [93m                       ~~~~~[0m
[96msrc/components/nav.astro[0m:[93m169[0m:[93m31[0m - [93mwarning[0m[90m ts(7044): [0mParameter 'entries' implicitly has an 'any' type, but a better type may be inferred from usage.

[7m169[0m     const observerCallback = (entries) => {
[7m   [0m [93m                              ~~~~~~~[0m

[96msrc/components/editors/ModelingStudioLite.tsx[0m:[93m142[0m:[93m86[0m - [91merror[0m[90m ts(2322): [0mType '{ args: [number, number, number, number]; rotation: number[]; }' is not assignable to type 'Mutable<Overwrite<Partial<Overwrite<TorusGeometry, MathProps<TorusGeometry> & ReactProps<TorusGeometry>>>, Omit<...>>>'.
  Property 'rotation' does not exist on type 'Mutable<Overwrite<Partial<Overwrite<TorusGeometry, MathProps<TorusGeometry> & ReactProps<TorusGeometry>>>, Omit<...>>>'.

[7m142[0m                 {object.type === 'torus' && <torusGeometry args={[0.4, 0.2, 16, 32]} rotation={[Math.PI / 2, 0, 0]} />}
[7m   [0m [91m                                                                                     ~~~~~~~~[0m
[96msrc/components/editors/ModelingStudioLite.tsx[0m:[93m141[0m:[93m87[0m - [91merror[0m[90m ts(2322): [0mType '{ args: [number, number, number, number]; rotation: number[]; }' is not assignable to type 'Mutable<Overwrite<Partial<Overwrite<CylinderGeometry, MathProps<CylinderGeometry> & ReactProps<CylinderGeometry>>>, Omit<...>>>'.
  Property 'rotation' does not exist on type 'Mutable<Overwrite<Partial<Overwrite<CylinderGeometry, MathProps<CylinderGeometry> & ReactProps<CylinderGeometry>>>, Omit<...>>>'.

[7m141[0m                 {object.type === 'prism' && <cylinderGeometry args={[0.5, 0.5, 1, 3]} rotation={[-Math.PI / 2, 0, 0]} />}
[7m   [0m [91m                                                                                      ~~~~~~~~[0m
[96msrc/components/editors/ModelingStudioLite.tsx[0m:[93m166[0m:[93m28[0m - [93mwarning[0m[90m ts(6133): [0m'setOpenCategories' is declared but its value is never read.

[7m166[0m     const [openCategories, setOpenCategories] = useState<string[]>(['basic']);
[7m   [0m [93m                           ~~~~~~~~~~~~~~~~~[0m
[96msrc/components/editors/ModelingStudioLite.tsx[0m:[93m166[0m:[93m12[0m - [93mwarning[0m[90m ts(6133): [0m'openCategories' is declared but its value is never read.

[7m166[0m     const [openCategories, setOpenCategories] = useState<string[]>(['basic']);
[7m   [0m [93m           ~~~~~~~~~~~~~~[0m
[96msrc/components/editors/ModelingStudioLite.tsx[0m:[93m45[0m:[93m5[0m - [93mwarning[0m[90m ts(6133): [0m'LayoutDashboard' is declared but its value is never read.

[7m45[0m     LayoutDashboard,
[7m  [0m [93m    ~~~~~~~~~~~~~~~[0m
[96msrc/components/editors/ModelingStudioLite.tsx[0m:[93m37[0m:[93m5[0m - [93mwarning[0m[90m ts(6133): [0m'Ungroup' is declared but its value is never read.

[7m37[0m     Ungroup,
[7m  [0m [93m    ~~~~~~~[0m
[96msrc/components/editors/ModelingStudioLite.tsx[0m:[93m22[0m:[93m5[0m - [93mwarning[0m[90m ts(6133): [0m'ChevronDown' is declared but its value is never read.

[7m22[0m     ChevronDown,
[7m  [0m [93m    ~~~~~~~~~~~[0m
[96msrc/components/editors/ModelingStudioLite.tsx[0m:[93m18[0m:[93m5[0m - [93mwarning[0m[90m ts(6133): [0m'Scaling' is declared but its value is never read.

[7m18[0m     Scaling,
[7m  [0m [93m    ~~~~~~~[0m
[96msrc/components/editors/ModelingStudioLite.tsx[0m:[93m3[0m:[93m18[0m - [93mwarning[0m[90m ts(6133): [0m'useThree' is declared but its value is never read.

[7m3[0m import { Canvas, useThree } from '@react-three/fiber';
[7m [0m [93m                 ~~~~~~~~[0m
[96msrc/components/editors/ModelingStudioLite.tsx[0m:[93m1[0m:[93m55[0m - [93mwarning[0m[90m ts(6133): [0m'useCallback' is declared but its value is never read.

[7m1[0m import React, { useRef, useEffect, useState, useMemo, useCallback } from 'react';
[7m [0m [93m                                                      ~~~~~~~~~~~[0m
[96msrc/components/editors/ModelingStudioLite.tsx[0m:[93m1[0m:[93m17[0m - [93mwarning[0m[90m ts(6133): [0m'useRef' is declared but its value is never read.

[7m1[0m import React, { useRef, useEffect, useState, useMemo, useCallback } from 'react';
[7m [0m [93m                ~~~~~~[0m

[96msrc/components/editors/VoxelStudioLite.tsx[0m:[93m7[0m:[93m5[0m - [93mwarning[0m[90m ts(6133): [0m'ArrowLeft' is declared but its value is never read.

[7m7[0m     ArrowLeft,
[7m [0m [93m    ~~~~~~~~~[0m
[96msrc/components/editors/VoxelStudioLite.tsx[0m:[93m5[0m:[93m5[0m - [93mwarning[0m[90m ts(6133): [0m'MousePointer2' is declared but its value is never read.

[7m5[0m     MousePointer2,
[7m [0m [93m    ~~~~~~~~~~~~~[0m
[96msrc/components/editors/VoxelStudioLite.tsx[0m:[93m1[0m:[93m46[0m - [93mwarning[0m[90m ts(6133): [0m'useCallback' is declared but its value is never read.

[7m1[0m import React, { useRef, useEffect, useState, useCallback } from 'react';
[7m [0m [93m                                             ~~~~~~~~~~~[0m

[96msrc/pages/centros.astro[0m:[93m7[0m:[93m1[0m - [93mwarning[0m[90m ts(6133): [0m'Niveles' is declared but its value is never read.

[7m7[0m import Niveles from "@/components/Niveles.astro";
[7m [0m [93m~~~~~~~~~~~~~~~~~~~~~~~~~~~~~~~~~~~~~~~~~~~~~~~~~[0m
[96msrc/pages/centros.astro[0m:[93m6[0m:[93m1[0m - [93mwarning[0m[90m ts(6133): [0m'Footer' is declared but its value is never read.

[7m6[0m import Footer from "@/components/footer.astro";
[7m [0m [93m~~~~~~~~~~~~~~~~~~~~~~~~~~~~~~~~~~~~~~~~~~~~~~~[0m
[96msrc/pages/centros.astro[0m:[93m5[0m:[93m1[0m - [93mwarning[0m[90m ts(6133): [0m'Cursos' is declared but its value is never read.

[7m5[0m import Cursos from "@/components/cursos.astro";
[7m [0m [93m~~~~~~~~~~~~~~~~~~~~~~~~~~~~~~~~~~~~~~~~~~~~~~~[0m

Result (21 files): 
- 2 errors
- 0 warnings
- 25 hints

