src/components/editors/ModelingStudioLite.tsx(184,87): error TS2322: Type '{ args: [number, number, number, number]; rotation: number[]; }' is not assignable to type 'Mutable<Overwrite<Partial<Overwrite<CylinderGeometry, MathProps<CylinderGeometry> & ReactProps<CylinderGeometry>>>, Omit<...>>>'.
  Property 'rotation' does not exist on type 'Mutable<Overwrite<Partial<Overwrite<CylinderGeometry, MathProps<CylinderGeometry> & ReactProps<CylinderGeometry>>>, Omit<...>>>'.
src/components/editors/ModelingStudioLite.tsx(185,86): error TS2322: Type '{ args: [number, number, number, number]; rotation: number[]; }' is not assignable to type 'Mutable<Overwrite<Partial<Overwrite<TorusGeometry, MathProps<TorusGeometry> & ReactProps<TorusGeometry>>>, Omit<...>>>'.
  Property 'rotation' does not exist on type 'Mutable<Overwrite<Partial<Overwrite<TorusGeometry, MathProps<TorusGeometry> & ReactProps<TorusGeometry>>>, Omit<...>>>'.
src/components/editors/ModelingStudioLite.tsx(464,25): error TS2322: Type '{ mode: TransformMode; object: Group<Object3DEventMap>; onMouseUp: () => void; onMouseDown: () => void; onDraggingChange: (dragging: any) => void; }' is not assignable to type 'IntrinsicAttributes & Omit<Mutable<Overwrite<Partial<Overwrite<TransformControls<Camera>, MathProps<TransformControls<Camera>> & ReactProps<...> & Partial<...>>>, Omit<...>>>, "ref" | "args"> & Omit<...> & { ...; } & RefAttributes<...>'.
  Property 'onDraggingChange' does not exist on type 'IntrinsicAttributes & Omit<Mutable<Overwrite<Partial<Overwrite<TransformControls<Camera>, MathProps<TransformControls<Camera>> & ReactProps<...> & Partial<...>>>, Omit<...>>>, "ref" | "args"> & Omit<...> & { ...; } & RefAttributes<...>'.
