src/components/editors/ModelingStudioLite.tsx(141,87): error TS2322: Type '{ args: [number, number, number, number]; rotation: number[]; }' is not assignable to type 'Mutable<Overwrite<Partial<Overwrite<CylinderGeometry, MathProps<CylinderGeometry> & ReactProps<CylinderGeometry>>>, Omit<...>>>'.
  Property 'rotation' does not exist on type 'Mutable<Overwrite<Partial<Overwrite<CylinderGeometry, MathProps<CylinderGeometry> & ReactProps<CylinderGeometry>>>, Omit<...>>>'.
src/components/editors/ModelingStudioLite.tsx(142,86): error TS2322: Type '{ args: [number, number, number, number]; rotation: number[]; }' is not assignable to type 'Mutable<Overwrite<Partial<Overwrite<TorusGeometry, MathProps<TorusGeometry> & ReactProps<TorusGeometry>>>, Omit<...>>>'.
  Property 'rotation' does not exist on type 'Mutable<Overwrite<Partial<Overwrite<TorusGeometry, MathProps<TorusGeometry> & ReactProps<TorusGeometry>>>, Omit<...>>>'.
